> hvigor [32mUP-TO-DATE :numberidentity:default@PreBuild...  [39m
> hvigor [32mUP-TO-DATE :numberidentity:default@GenerateMetadata...  [39m
> hvigor [32mFinished :numberidentity:default@ConfigureCmake... after 1 ms [39m
> hvigor [32mUP-TO-DATE :numberidentity:default@MergeProfile...  [39m
> hvigor [32mUP-TO-DATE :numberidentity:default@CreateBuildProfile...  [39m
> hvigor [32mFinished :numberidentity:default@PreCheckSyscap... after 1 ms [39m
> hvigor [32mFinished :numberidentity:default@GeneratePkgContextInfo... after 1 ms [39m
> hvigor [32mFinished :numberidentity:default@ProcessIntegratedHsp... after 3 ms [39m
> hvigor [32mFinished :numberidentity:default@BuildNativeWithCmake... after 1 ms [39m
> hvigor [32mUP-TO-DATE :numberidentity:default@MakePackInfo...  [39m
> hvigor [32mUP-TO-DATE :numberidentity:default@ProcessProfile...  [39m
> hvigor [32mUP-TO-DATE :numberidentity:default@SyscapTransform...  [39m
> hvigor [32mUP-TO-DATE :numberidentity:default@ProcessRouterMap...  [39m
> hvigor [32mFinished :numberidentity:default@BuildNativeWithNinja... after 2 ms [39m
> hvigor [32mUP-TO-DATE :numberidentity:default@ProcessResource...  [39m
> hvigor [32mUP-TO-DATE :numberidentity:default@GenerateLoaderJson...  [39m
> hvigor [32mUP-TO-DATE :numberidentity:default@CompileResource...  [39m
> hvigor [32mUP-TO-DATE :numberidentity:default@CompileArkTS...  [39m
> hvigor [32mFinished :numberidentity:default@BuildJS... after 3 ms [39m
> hvigor [32mFinished :numberidentity:default@ProcessLibs... after 551 ms [39m
> hvigor [32mFinished :numberidentity:default@DoNativeStrip... after 26 ms [39m
> hvigor [32mFinished :numberidentity:default@CacheNativeLibs... after 406 ms [39m
> hvigor [32mFinished :numberidentity:default@GeneratePkgModuleJson... after 2 ms [39m
> hvigor [32mFinished :numberidentity:default@PackageHap... after 436 ms [39m
> hvigor [32mFinished :numberidentity:default@SignHap... after 2 ms [39m
> hvigor [32mFinished :numberidentity:assembleHap... after 1 ms [39m
> hvigor [32mBUILD SUCCESSFUL in 2 s 647 ms [39m

> hvigor [33mWARN: No signingConfig found for product default[39m

